---
source: integration_tests/tests/integration_tests/fungible_tests.rs
expression: response
---
{
  "total": 2,
  "limit": 1000,
  "cursor": "ByJk5D4y7urDRx4Qw95Sv9bLLdgoVcBsdyTFsgSdK29V",
  "items": [
    {
      "interface": "Custom",
      "id": "DSejbjAmQFQtNk9vFqn6abTnPbSoENfkHCs6KU7j6swu",
      "content": {
        "$schema": "https://schema.metaplex.com/nft1.0.json",
        "json_uri": "https://arweave.net/ZMRAYVr6jtOx1z56WKw88mxuN8lJptnPhu2zWWlTvw4",
        "files": [],
        "metadata": {
          "name": "Raging Ape Gang #6",
          "symbol": "GAPES"
        },
        "links": {}
      },
      "authorities": [
        {
          "address": "By9r2TCyDN9KmtxXKsvmiz86fmNsjXerH7mqiZJLfrj8",
          "scopes": [
            "full"
          ]
        }
      ],
      "compression": {
        "eligible": false,
        "compressed": false,
        "data_hash": "",
        "creator_hash": "",
        "asset_hash": "",
        "tree": "",
        "seq": 0,
        "leaf_id": 0
      },
      "grouping": [],
      "royalty": {
        "royalty_model": "creators",
        "target": null,
        "percent": 0.1,
        "basis_points": 1000,
        "primary_sale_happened": true,
        "locked": false
      },
      "creators": [
        {
          "address": "Be9fRwoZxRVZLm1VNezvk25vZhjAqGtAxP6hw3r6GK51",
          "share": 0,
          "verified": true
        },
        {
          "address": "GkuN4Rjsw21zmp3EPTwH7rQLXdN2kZMM1My7acJ6QpBc",
          "share": 100,
          "verified": false
        }
      ],
      "ownership": {
        "frozen": false,
        "delegated": false,
        "delegate": null,
        "ownership_model": "single",
        "owner": "4PjhNVPBizDhsfAZnkyVZCWkrNhwM1q4GdcbJHtKWKpB"
      },
      "supply": null,
      "mutable": true,
      "burnt": false,
      "token_info": {
        "balance": 1,
        "supply": 1,
        "decimals": 0,
        "token_program": "TokenkegQfeZyiNwAJbNbGKPFXCWuBvf9Ss623VQ5DA",
        "associated_token_address": "H22h6mG3xgj7Sfi3JwANA6a179TQ8LgAHaziRGMyeJfL"
      }
    },
    {
      "interface": "FungibleToken",
      "id": "ByJk5D4y7urDRx4Qw95Sv9bLLdgoVcBsdyTFsgSdK29V",
      "content": {
        "$schema": "https://schema.metaplex.com/nft1.0.json",
        "json_uri": "https://arweeve.net/info.json?q=58c3a5b5543da432f679618274d430fb",
        "files": [],
        "metadata": {
          "name": "Rауdium аlрhа рrоgrаm",
          "symbol": "RAP"
        },
        "links": {}
      },
      "authorities": [
        {
          "address": "12CbS2rA2dS3uq7sCwhVZagKFxZWtCj6vvChwMT7by96",
          "scopes": [
            "full"
          ]
        }
      ],
      "compression": {
        "eligible": false,
        "compressed": false,
        "data_hash": "",
        "creator_hash": "",
        "asset_hash": "",
        "tree": "",
        "seq": 0,
        "leaf_id": 0
      },
      "grouping": [],
      "royalty": {
        "royalty_model": "creators",
        "target": null,
        "percent": 0.0,
        "basis_points": 0,
        "primary_sale_happened": false,
        "locked": false
      },
      "creators": [
        {
          "address": "12CbS2rA2dS3uq7sCwhVZagKFxZWtCj6vvChwMT7by96",
          "share": 100,
          "verified": true
        }
      ],
      "ownership": {
        "frozen": false,
        "delegated": false,
        "delegate": null,
        "ownership_model": "token",
        "owner": "4PjhNVPBizDhsfAZnkyVZCWkrNhwM1q4GdcbJHtKWKpB"
      },
      "supply": null,
      "mutable": true,
      "burnt": false,
      "token_info": {
        "balance": 21,
        "supply": 4927,
        "decimals": 0,
        "token_program": "TokenkegQfeZyiNwAJbNbGKPFXCWuBvf9Ss623VQ5DA",
        "associated_token_address": "AjMN1WMFusdZnJmHnY61mY6tzg3Eow4miVhJ1pgjcftj"
      }
    }
  ]
}
