---
source: integration_tests/tests/integration_tests/show_fungible_flag_tests.rs
expression: response
snapshot_kind: text
---
{
  "total": 1,
  "limit": 1000,
  "cursor": "Ff3Ci7EnM6KUdNDtzZvCjC5APgz1ajYW2Pt2BfT6Wftq",
  "items": [
    {
      "interface": "ProgrammableNFT",
      "id": "Ff3Ci7EnM6KUdNDtzZvCjC5APgz1ajYW2Pt2BfT6Wftq",
      "content": {
        "$schema": "https://schema.metaplex.com/nft1.0.json",
        "json_uri": "https://madlads.s3.us-west-2.amazonaws.com/json/5081.json",
        "files": [],
        "metadata": {
          "name": "Mad Lads #5081",
          "symbol": "MAD",
          "token_standard": "ProgrammableNonFungible"
        },
        "links": {}
      },
      "authorities": [
        {
          "address": "2RtGg6fsFiiF1EQzHqbd66AhW7R5bWeQGpTbv2UMkCdW",
          "scopes": [
            "full"
          ]
        }
      ],
      "compression": {
        "eligible": false,
        "compressed": false,
        "data_hash": "",
        "creator_hash": "",
        "asset_hash": "",
        "tree": "",
        "seq": 0,
        "leaf_id": 0
      },
      "grouping": [
        {
          "group_key": "collection",
          "group_value": "J1S9H3QjnRtBbbuD4HjPV6RpRhwuk4zKbxsnCHuTgh9w"
        }
      ],
      "royalty": {
        "royalty_model": "creators",
        "target": null,
        "percent": 0.042,
        "basis_points": 420,
        "primary_sale_happened": true,
        "locked": false
      },
      "creators": [
        {
          "address": "2RtGg6fsFiiF1EQzHqbd66AhW7R5bWeQGpTbv2UMkCdW",
          "share": 100,
          "verified": true
        },
        {
          "address": "5XvhfmRjwXkGp3jHGmaKpqeerNYjkuZZBYLVQYdeVcRv",
          "share": 0,
          "verified": true
        }
      ],
      "ownership": {
        "frozen": true,
        "delegated": true,
        "delegate": "ww1ohRPftPHwjXAfwH65csJNY5WWKdoKbAic3Hc9UzK",
        "ownership_model": "single",
        "owner": "GqPnSDXwp4JFtKS7YZ2HERgBbYLKpKVYy9TpVunzLRa9"
      },
      "supply": {
        "print_max_supply": 0,
        "print_current_supply": 0,
        "edition_nonce": 255
      },
      "mutable": true,
      "burnt": false,
      "token_info": {
        "supply": 1,
        "decimals": 0,
        "token_program": "TokenkegQfeZyiNwAJbNbGKPFXCWuBvf9Ss623VQ5DA",
        "mint_authority": "E5MbS9TUY3P7nmQ1JLuR7bLPBfEW7m36cKJ9kRWZSbuk",
        "freeze_authority": "E5MbS9TUY3P7nmQ1JLuR7bLPBfEW7m36cKJ9kRWZSbuk",
        "balance": 1,
        "associated_token_address": "FQ3ePUyLt2UvuQCw2nBKG8LGLvXHAZPzpdD6QQAAv9pW"
      }
    }
  ]
}
