---
source: integration_tests/tests/integration_tests/fungible_tests.rs
expression: response
---
{
  "total": 1,
  "limit": 2,
  "page": 2,
  "owners": [
    {
      "id": "GLGgL7sVv4pzP3qXfqfmfyj8BbedmK6Eqp4qKMgnaesR",
      "associated_token_address": "Gm9koEU32UJLsTxJxtdFt7yMd6fbztpk8DVNBLM7TQV8"
    }
  ]
}
