---
source: integration_tests/tests/integration_tests/mpl_core_tests.rs
assertion_line: 149
expression: response
---
{
  "total": 2,
  "limit": 50,
  "page": 1,
  "items": [
    {
      "interface": "MplCoreCollection",
      "id": "6pELUa5FjLvw4TRM32opiT6vL74B8W3fwCwRkPUt857",
      "content": {
        "$schema": "https://schema.metaplex.com/nft1.0.json",
        "json_uri": "https://example.com/collection",
        "files": [],
        "metadata": {
          "name": "Test Collection",
          "symbol": ""
        },
        "links": {}
      },
      "authorities": [
        {
          "address": "APrZTeVysBJqAznfLXS71NAzjr2fCVTSF1A66MeErzM7",
          "scopes": [
            "full"
          ]
        }
      ],
      "compression": {
        "eligible": false,
        "compressed": false,
        "data_hash": "",
        "creator_hash": "",
        "asset_hash": "",
        "tree": "",
        "seq": 0,
        "leaf_id": 0
      },
      "grouping": [],
      "royalty": {
        "royalty_model": "creators",
        "target": null,
        "percent": 0.0,
        "basis_points": 0,
        "primary_sale_happened": false,
        "locked": false
      },
      "creators": [],
      "ownership": {
        "frozen": false,
        "delegated": false,
        "delegate": null,
        "ownership_model": "single",
        "owner": "APrZTeVysBJqAznfLXS71NAzjr2fCVTSF1A66MeErzM7"
      },
      "supply": null,
      "mutable": true,
      "burnt": false,
      "plugins": {},
      "mpl_core_info": {
        "num_minted": 1,
        "current_size": 1,
        "plugins_json_version": 1
      }
    },
    {
      "interface": "MplCoreAsset",
      "id": "HsDL2AYtoAHZyfFKyQp6pHGKaBRBZQZDVBAT1XwbP4d5",
      "content": {
        "$schema": "https://schema.metaplex.com/nft1.0.json",
        "json_uri": "https://example.com/asset",
        "files": [],
        "metadata": {
          "name": "Test Asset",
          "symbol": ""
        },
        "links": {}
      },
      "authorities": [
        {
          "address": "APrZTeVysBJqAznfLXS71NAzjr2fCVTSF1A66MeErzM7",
          "scopes": [
            "full"
          ]
        }
      ],
      "compression": {
        "eligible": false,
        "compressed": false,
        "data_hash": "",
        "creator_hash": "",
        "asset_hash": "",
        "tree": "",
        "seq": 0,
        "leaf_id": 0
      },
      "grouping": [
        {
          "group_key": "collection",
          "group_value": "6pELUa5FjLvw4TRM32opiT6vL74B8W3fwCwRkPUt857"
        }
      ],
      "royalty": {
        "royalty_model": "creators",
        "target": null,
        "percent": 0.0,
        "basis_points": 0,
        "primary_sale_happened": false,
        "locked": false
      },
      "creators": [],
      "ownership": {
        "frozen": false,
        "delegated": false,
        "delegate": null,
        "ownership_model": "single",
        "owner": "3R3QGnfGJZZ8MKWCxChNYaLf429uDfHrnaULDeajRgi5"
      },
      "supply": null,
      "mutable": true,
      "burnt": false,
      "plugins": {},
      "mpl_core_info": {
        "plugins_json_version": 1
      }
    }
  ]
}
