---
source: integration_tests/tests/integration_tests/cnft_tests_v2_leaf_schema.rs
assertion_line: 33
expression: response
---
{
  "interface": "V1_NFT",
  "id": "HDR3U2QDqdcqthjb12j8tCaY1wag5VeuYWzfnDPAE8R4",
  "content": {
    "$schema": "https://schema.metaplex.com/nft1.0.json",
    "json_uri": "https://example.com/my-nft.json",
    "files": [],
    "metadata": {
      "name": "My NFT",
      "symbol": "",
      "token_standard": "NonFungible"
    },
    "links": {}
  },
  "authorities": [
    {
      "address": "HZuwPwroqbC4yHjfDYFatqpojvgdtJC8gvRgMjMfLPaF",
      "scopes": [
        "full"
      ]
    }
  ],
  "compression": {
    "eligible": false,
    "compressed": true,
    "data_hash": "5ZUSXHCd23ZS2XR53U9ck3gFxcXvp3tLgDwqkJgQB5NT",
    "creator_hash": "EKDHSGbrGztomDfuiV4iqiZ6LschDJPsFiXjZ83f92Md",
    "collection_hash": "FLfdV3caFZQffEArkT17hw8Dk6wipUbvjA3F95AErU4o",
    "asset_data_hash": "EKDHSGbrGztomDfuiV4iqiZ6LschDJPsFiXjZ83f92Md",
    "flags": 0,
    "asset_hash": "49eoDTTpW7f5GNveL3E7gS7EFw3gq1jbH4Wf13RfzfZZ",
    "tree": "6hwJTS3HRb9jo6AaZ53mCHvR7bnyxRUisqYguFDCaiRb",
    "seq": 2,
    "leaf_id": 0
  },
  "grouping": [
    {
      "group_key": "collection",
      "group_value": "8NWssmU4xYJd926xsmr2x7LWdgh4rf5HCdGZqENw3JnW"
    }
  ],
  "royalty": {
    "royalty_model": "creators",
    "target": null,
    "percent": 0.055,
    "basis_points": 550,
    "primary_sale_happened": false,
    "locked": false
  },
  "creators": [],
  "ownership": {
    "frozen": false,
    "non_transferable": false,
    "delegated": false,
    "delegate": null,
    "ownership_model": "single",
    "owner": "AEbkSNqHsq4jTafRzyoAGkhKdm6iUkzQWyGChBpCmNs7"
  },
  "supply": {
    "print_max_supply": 0,
    "print_current_supply": 0,
    "edition_nonce": null
  },
  "mutable": true,
  "burnt": false
}
