---
source: integration_tests/tests/integration_tests/fungibles_and_token_extensions_tests.rs
expression: response
snapshot_kind: text
---
{
  "interface": "FungibleToken",
  "id": "wKocBVvHQoVaiwWoCs9JYSVye4YZRrv5Cucf7fDqnz1",
  "authorities": [],
  "compression": {
    "eligible": false,
    "compressed": false,
    "data_hash": "",
    "creator_hash": "",
    "asset_hash": "",
    "tree": "",
    "seq": 0,
    "leaf_id": 0
  },
  "grouping": [],
  "royalty": {
    "royalty_model": "creators",
    "target": null,
    "percent": 0.0,
    "basis_points": 0,
    "primary_sale_happened": false,
    "locked": false
  },
  "creators": [],
  "ownership": {
    "frozen": false,
    "delegated": false,
    "delegate": null,
    "ownership_model": "token",
    "owner": ""
  },
  "mutable": false,
  "burnt": false
}
