---
source: integration_tests/tests/integration_tests/fungible_tests.rs
expression: response
---
{
  "interface": "FungibleToken",
  "id": "Hp9aaQWpBmr4fc257KG19pSfitPGahTHpH9fEXMFwDN5",
  "content": {
    "$schema": "https://schema.metaplex.com/nft1.0.json",
    "json_uri": "",
    "files": [],
    "metadata": {},
    "links": {}
  },
  "authorities": [],
  "compression": {
    "eligible": false,
    "compressed": false,
    "data_hash": "",
    "creator_hash": "",
    "asset_hash": "",
    "tree": "",
    "seq": 0,
    "leaf_id": 0
  },
  "grouping": [],
  "royalty": {
    "royalty_model": "creators",
    "target": null,
    "percent": 0.0,
    "basis_points": 0,
    "primary_sale_happened": false,
    "locked": false
  },
  "creators": [],
  "ownership": {
    "frozen": false,
    "delegated": false,
    "delegate": null,
    "ownership_model": "token",
    "owner": ""
  },
  "supply": null,
  "mutable": true,
  "burnt": false,
  "mint_extensions": {
    "mint_close_authority": {
      "close_authority": "B9fcrRtNZK1j29sfPhrdrcbNwkrNcEGWNu7XFApt56ww"
    }
  },
  "token_info": {
    "supply": 200000000000000,
    "decimals": 9,
    "token_program": "TokenzQdBNbLqP5VEhdkAS6EPFLC1PHnBqCXEpPxuEb"
  }
}
